src/components/dashboard/InteractiveHealth.tsx(17,25): error TS2305: Module '"@/types"' has no exported member 'HealthRecommendation'.
src/components/dashboard/InteractiveHealth.tsx(17,47): error TS2305: Module '"@/types"' has no exported member 'HealthExpl'.
src/services/ai/index.ts(174,9): error TS2353: Object literal may only specify known properties, and 'healthRecommendations' does not exist in type 'RepositoryAnalysis'.
